Archive member included because of file (symbol)

/usr/bin/../lib/gcc/arm-none-eabi/4.9.3/armv6-m/libgcc.a(_udivsi3.o)
                              src/system_stm32f0xx.o (__aeabi_uidiv)
/usr/bin/../lib/gcc/arm-none-eabi/4.9.3/armv6-m/libgcc.a(_dvmd_tls.o)
                              /usr/bin/../lib/gcc/arm-none-eabi/4.9.3/armv6-m/libgcc.a(_udivsi3.o) (__aeabi_idiv0)

Allocating common symbols
Common symbol       size              file

gsNode_packet       0x102             lib/gsNode/src/gsnode.o

Discarded input sections

 .text          0x0000000000000000        0x0 src/hal.o
 .data          0x0000000000000000        0x0 src/hal.o
 .bss           0x0000000000000000        0x0 src/hal.o
 .text.gsNode_hal_writeByte
                0x0000000000000000       0x14 src/hal.o
 .text.gsNode_hal_flushOutput
                0x0000000000000000        0x8 src/hal.o
 .text.gsNode_hal_readByte
                0x0000000000000000        0x8 src/hal.o
 .text.gsNode_hal_setTimer
                0x0000000000000000        0x8 src/hal.o
 .text          0x0000000000000000        0x0 src/main.o
 .data          0x0000000000000000        0x0 src/main.o
 .bss           0x0000000000000000        0x0 src/main.o
 .rodata        0x0000000000000000       0x2c src/main.o
 .data.gsNode_url
                0x0000000000000000        0x4 src/main.o
 .text.gsNode_packetReceived
                0x0000000000000000        0x8 src/main.o
 .text.assert_failed
                0x0000000000000000        0xc src/main.o
 .text.gsNode_error
                0x0000000000000000       0x10 src/main.o
 .text          0x0000000000000000        0x0 src/system_stm32f0xx.o
 .data          0x0000000000000000        0x0 src/system_stm32f0xx.o
 .bss           0x0000000000000000        0x0 src/system_stm32f0xx.o
 .data.SystemCoreClock
                0x0000000000000000        0x4 src/system_stm32f0xx.o
 .data.AHBPrescTable
                0x0000000000000000       0x10 src/system_stm32f0xx.o
 .text.SystemCoreClockUpdate
                0x0000000000000000       0xd4 src/system_stm32f0xx.o
 .text          0x0000000000000000        0x0 lib/STM32F0xx_StdPeriph_Driver/src/stm32f0xx_adc.o
 .data          0x0000000000000000        0x0 lib/STM32F0xx_StdPeriph_Driver/src/stm32f0xx_adc.o
 .bss           0x0000000000000000        0x0 lib/STM32F0xx_StdPeriph_Driver/src/stm32f0xx_adc.o
 .rodata        0x0000000000000000       0x34 lib/STM32F0xx_StdPeriph_Driver/src/stm32f0xx_adc.o
 .text.ADC_DeInit
                0x0000000000000000       0x48 lib/STM32F0xx_StdPeriph_Driver/src/stm32f0xx_adc.o
 .text.ADC_Init
                0x0000000000000000      0x154 lib/STM32F0xx_StdPeriph_Driver/src/stm32f0xx_adc.o
 .text.ADC_StructInit
                0x0000000000000000       0x34 lib/STM32F0xx_StdPeriph_Driver/src/stm32f0xx_adc.o
 .text.ADC_Cmd  0x0000000000000000       0x6c lib/STM32F0xx_StdPeriph_Driver/src/stm32f0xx_adc.o
 .text.ADC_ClockModeConfig
                0x0000000000000000       0x5c lib/STM32F0xx_StdPeriph_Driver/src/stm32f0xx_adc.o
 .text.ADC_JitterCmd
                0x0000000000000000       0x8c lib/STM32F0xx_StdPeriph_Driver/src/stm32f0xx_adc.o
 .text.ADC_AutoPowerOffCmd
                0x0000000000000000       0x78 lib/STM32F0xx_StdPeriph_Driver/src/stm32f0xx_adc.o
 .text.ADC_WaitModeCmd
                0x0000000000000000       0x78 lib/STM32F0xx_StdPeriph_Driver/src/stm32f0xx_adc.o
 .text.ADC_AnalogWatchdogCmd
                0x0000000000000000       0x78 lib/STM32F0xx_StdPeriph_Driver/src/stm32f0xx_adc.o
 .text.ADC_AnalogWatchdogThresholdsConfig
                0x0000000000000000       0x80 lib/STM32F0xx_StdPeriph_Driver/src/stm32f0xx_adc.o
 .text.ADC_AnalogWatchdogSingleChannelConfig
                0x0000000000000000      0x11c lib/STM32F0xx_StdPeriph_Driver/src/stm32f0xx_adc.o
 .text.ADC_AnalogWatchdogSingleChannelCmd
                0x0000000000000000       0x7c lib/STM32F0xx_StdPeriph_Driver/src/stm32f0xx_adc.o
 .text.ADC_TempSensorCmd
                0x0000000000000000       0x64 lib/STM32F0xx_StdPeriph_Driver/src/stm32f0xx_adc.o
 .text.ADC_VrefintCmd
                0x0000000000000000       0x60 lib/STM32F0xx_StdPeriph_Driver/src/stm32f0xx_adc.o
 .text.ADC_VbatCmd
                0x0000000000000000       0x60 lib/STM32F0xx_StdPeriph_Driver/src/stm32f0xx_adc.o
 .text.ADC_ChannelConfig
                0x0000000000000000       0xb4 lib/STM32F0xx_StdPeriph_Driver/src/stm32f0xx_adc.o
 .text.ADC_ContinuousModeCmd
                0x0000000000000000       0x7c lib/STM32F0xx_StdPeriph_Driver/src/stm32f0xx_adc.o
 .text.ADC_DiscModeCmd
                0x0000000000000000       0x7c lib/STM32F0xx_StdPeriph_Driver/src/stm32f0xx_adc.o
 .text.ADC_OverrunModeCmd
                0x0000000000000000       0x7c lib/STM32F0xx_StdPeriph_Driver/src/stm32f0xx_adc.o
 .text.ADC_GetCalibrationFactor
                0x0000000000000000       0x80 lib/STM32F0xx_StdPeriph_Driver/src/stm32f0xx_adc.o
 .text.ADC_StopOfConversion
[...]
Memory Configuration

Name             Origin             Length             Attributes
FLASH            0x0000000008000000 0x0000000000008000 xr
RAM              0x0000000020000000 0x0000000000001000 xrw
*default*        0x0000000000000000 0xffffffffffffffff

Linker script and memory map

LOAD src/hal.o
LOAD src/main.o
LOAD src/system_stm32f0xx.o
LOAD lib/STM32F0xx_StdPeriph_Driver/src/stm32f0xx_adc.o
LOAD lib/STM32F0xx_StdPeriph_Driver/src/stm32f0xx_can.o
LOAD lib/STM32F0xx_StdPeriph_Driver/src/stm32f0xx_cec.o
LOAD lib/STM32F0xx_StdPeriph_Driver/src/stm32f0xx_comp.o
LOAD lib/STM32F0xx_StdPeriph_Driver/src/stm32f0xx_crc.o
LOAD lib/STM32F0xx_StdPeriph_Driver/src/stm32f0xx_crs.o
LOAD lib/STM32F0xx_StdPeriph_Driver/src/stm32f0xx_dac.o
LOAD lib/STM32F0xx_StdPeriph_Driver/src/stm32f0xx_dbgmcu.o
LOAD lib/STM32F0xx_StdPeriph_Driver/src/stm32f0xx_dma.o
LOAD lib/STM32F0xx_StdPeriph_Driver/src/stm32f0xx_exti.o
LOAD lib/STM32F0xx_StdPeriph_Driver/src/stm32f0xx_flash.o
LOAD lib/STM32F0xx_StdPeriph_Driver/src/stm32f0xx_gpio.o
LOAD lib/STM32F0xx_StdPeriph_Driver/src/stm32f0xx_i2c.o
LOAD lib/STM32F0xx_StdPeriph_Driver/src/stm32f0xx_iwdg.o
LOAD lib/STM32F0xx_StdPeriph_Driver/src/stm32f0xx_misc.o
LOAD lib/STM32F0xx_StdPeriph_Driver/src/stm32f0xx_pwr.o
LOAD lib/STM32F0xx_StdPeriph_Driver/src/stm32f0xx_rcc.o
LOAD lib/STM32F0xx_StdPeriph_Driver/src/stm32f0xx_rtc.o
LOAD lib/STM32F0xx_StdPeriph_Driver/src/stm32f0xx_spi.o
LOAD lib/STM32F0xx_StdPeriph_Driver/src/stm32f0xx_syscfg.o
LOAD lib/STM32F0xx_StdPeriph_Driver/src/stm32f0xx_tim.o
LOAD lib/STM32F0xx_StdPeriph_Driver/src/stm32f0xx_usart.o
LOAD lib/STM32F0xx_StdPeriph_Driver/src/stm32f0xx_wwdg.o
LOAD lib/gsNode/src/gsnode.o
LOAD src/startup.o
START GROUP
LOAD /usr/bin/../lib/gcc/arm-none-eabi/4.9.3/armv6-m/libgcc.a
LOAD /usr/bin/../lib/gcc/arm-none-eabi/4.9.3/../../../../arm-none-eabi/lib/armv6-m/libg.a
LOAD /usr/bin/../lib/gcc/arm-none-eabi/4.9.3/../../../../arm-none-eabi/lib/armv6-m/libc.a
END GROUP
                0x0000000020001000                _estack = (ORIGIN (RAM) + 0x1000)

.isr_vector     0x0000000008000000       0xc4
 *(.isr_vector)
 .isr_vector    0x0000000008000000       0xc4 src/startup.o
                0x0000000008000000                g_pfnVectors
                0x00000000080000c4                . = ALIGN (0x4)

.text           0x00000000080000c4      0x18c
                0x00000000080000c4                . = ALIGN (0x4)
 *(.text)
 *(.text*)
 .text.hal_init
                0x00000000080000c4        0x8 src/hal.o
                0x00000000080000c4                hal_init
 .text.main     0x00000000080000cc       0x10 src/main.o
                0x00000000080000cc                main
 .text.HardFault_Handler
                0x00000000080000dc        0x8 src/main.o
                0x00000000080000dc                HardFault_Handler
 .text.SystemInit
                0x00000000080000e4       0x8c src/system_stm32f0xx.o
                0x00000000080000e4                SystemInit
 .text.SetSysClock
                0x0000000008000170       0x88 src/system_stm32f0xx.o
 .text.gsNode_init
                0x00000000080001f8        0x8 lib/gsNode/src/gsnode.o
                0x00000000080001f8                gsNode_init
 .text.Reset_Handler
                0x0000000008000200       0x4c src/startup.o
                0x0000000008000200                Reset_Handler
 .text.Default_Handler
                0x000000000800024c        0x2 src/startup.o
                0x000000000800024c                TIM1_CC_IRQHandler
                0x000000000800024c                SysTick_Handler
                0x000000000800024c                PendSV_Handler
                0x000000000800024c                NMI_Handler
                0x000000000800024c                I2C1_IRQHandler
                0x000000000800024c                SPI1_IRQHandler
                0x000000000800024c                EXTI2_3_IRQHandler
                0x000000000800024c                ADC1_IRQHandler
                0x000000000800024c                I2C2_IRQHandler
                0x000000000800024c                TIM17_IRQHandler
                0x000000000800024c                RTC_IRQHandler
                0x000000000800024c                TIM16_IRQHandler
                0x000000000800024c                TIM3_IRQHandler
                0x000000000800024c                EXTI4_15_IRQHandler
                0x000000000800024c                RCC_IRQHandler
                0x000000000800024c                DMA1_Channel1_IRQHandler
                0x000000000800024c                Default_Handler
                0x000000000800024c                TIM14_IRQHandler
                0x000000000800024c                DMA1_Channel4_5_IRQHandler
                0x000000000800024c                TIM15_IRQHandler
                0x000000000800024c                EXTI0_1_IRQHandler
                0x000000000800024c                SPI2_IRQHandler
                0x000000000800024c                SVC_Handler
                0x000000000800024c                WWDG_IRQHandler
                0x000000000800024c                DMA1_Channel2_3_IRQHandler
                0x000000000800024c                USART2_IRQHandler
                0x000000000800024c                FLASH_IRQHandler
                0x000000000800024c                USART1_IRQHandler
                0x000000000800024c                TIM1_BRK_UP_TRG_COM_IRQHandler
 *(.rodata)
 *(.rodata*)
                0x0000000008000250                . = ALIGN (0x4)
 *fill*         0x000000000800024e        0x2 
                0x0000000008000250                _sidata = .

.glue_7         0x0000000008000250        0x0
 .glue_7        0x0000000000000000        0x0 linker stubs

.glue_7t        0x0000000008000250        0x0
 .glue_7t       0x0000000000000000        0x0 linker stubs

.vfp11_veneer   0x0000000008000250        0x0
 .vfp11_veneer  0x0000000000000000        0x0 linker stubs

.v4_bx          0x0000000008000250        0x0
 .v4_bx         0x0000000000000000        0x0 linker stubs

.iplt           0x0000000008000250        0x0
 .iplt          0x0000000000000000        0x0 src/hal.o

.rel.dyn        0x0000000008000250        0x0
 .rel.iplt      0x0000000000000000        0x0 src/hal.o

.data           0x0000000020000000        0x0 load address 0x0000000008000250
                0x0000000020000000                . = ALIGN (0x4)
                0x0000000020000000                _sdata = .
 *(.data)
 *(.data*)
                0x0000000020000000                . = ALIGN (0x4)
                0x0000000020000000                _edata = .

.igot.plt       0x0000000020000000        0x0
 .igot.plt      0x0000000000000000        0x0 src/hal.o

.bss            0x0000000020000000        0x0
                0x0000000020000000                . = ALIGN (0x4)
                0x0000000020000000                _sbss = .
 *(.bss)
 *(.bss*)
 *(COMMON)
                0x0000000020000000                . = ALIGN (0x4)
                0x0000000020000000                _ebss = .
OUTPUT(main.elf elf32-littlearm)

.debug_info     0x0000000000000000      0x6a2
 .debug_info    0x0000000000000000       0xea src/hal.o
 .debug_info    0x00000000000000ea      0x142 src/main.o
 .debug_info    0x000000000000022c      0x2a4 src/system_stm32f0xx.o
 .debug_info    0x00000000000004d0      0x1d2 lib/gsNode/src/gsnode.o

.debug_abbrev   0x0000000000000000      0x34b
 .debug_abbrev  0x0000000000000000       0x76 src/hal.o
 .debug_abbrev  0x0000000000000076       0xdd src/main.o
 .debug_abbrev  0x0000000000000153      0x106 src/system_stm32f0xx.o
 .debug_abbrev  0x0000000000000259       0xf2 lib/gsNode/src/gsnode.o

.debug_aranges  0x0000000000000000       0xf8
 .debug_aranges
                0x0000000000000000       0x40 src/hal.o
 .debug_aranges
                0x0000000000000040       0x40 src/main.o
 .debug_aranges
                0x0000000000000080       0x30 src/system_stm32f0xx.o
 .debug_aranges
                0x00000000000000b0       0x48 lib/gsNode/src/gsnode.o

.debug_ranges   0x0000000000000000       0xb8
 .debug_ranges  0x0000000000000000       0x30 src/hal.o
 .debug_ranges  0x0000000000000030       0x30 src/main.o
 .debug_ranges  0x0000000000000060       0x20 src/system_stm32f0xx.o
 .debug_ranges  0x0000000000000080       0x38 lib/gsNode/src/gsnode.o

.debug_line     0x0000000000000000      0x3c5
 .debug_line    0x0000000000000000       0xd6 src/hal.o
 .debug_line    0x00000000000000d6       0xa6 src/main.o
 .debug_line    0x000000000000017c      0x138 src/system_stm32f0xx.o
 .debug_line    0x00000000000002b4      0x111 lib/gsNode/src/gsnode.o

.debug_str      0x0000000000000000      0x41b
 .debug_str     0x0000000000000000      0x184 src/hal.o
                                        0x1c0 (size before relaxing)
 .debug_str     0x0000000000000184       0x95 src/main.o
                                        0x1e2 (size before relaxing)
 .debug_str     0x0000000000000219      0x104 src/system_stm32f0xx.o
                                        0x26f (size before relaxing)
 .debug_str     0x000000000000031d       0xfe lib/gsNode/src/gsnode.o
                                        0x269 (size before relaxing)

.comment        0x0000000000000000       0x70
 .comment       0x0000000000000000       0x70 src/hal.o
                                         0x71 (size before relaxing)
 .comment       0x0000000000000000       0x71 src/main.o
 .comment       0x0000000000000000       0x71 src/system_stm32f0xx.o
 .comment       0x0000000000000000       0x71 lib/gsNode/src/gsnode.o

.ARM.attributes
                0x0000000000000000       0x2f
 .ARM.attributes
                0x0000000000000000       0x31 src/hal.o
 .ARM.attributes
                0x0000000000000031       0x31 src/main.o
 .ARM.attributes
                0x0000000000000062       0x31 src/system_stm32f0xx.o
 .ARM.attributes
                0x0000000000000093       0x31 lib/gsNode/src/gsnode.o
 .ARM.attributes
                0x00000000000000c4       0x21 src/startup.o

.debug_frame    0x0000000000000000      0x268
 .debug_frame   0x0000000000000000       0xa0 src/hal.o
 .debug_frame   0x00000000000000a0       0xa4 src/main.o
 .debug_frame   0x0000000000000144       0x68 src/system_stm32f0xx.o
 .debug_frame   0x00000000000001ac       0xbc lib/gsNode/src/gsnode.o
